[13:39:19] [main/INFO]: Loading Minecraft 1.20.1 with Fabric Loader 0.19.5
[13:39:19] [main/INFO]: Loading 85 mods:
	- create 6.0.8.1+build.1744-mc1.20.1
	   |-- com_google_code_findbugs_jsr305 3.0.2
	   |-- forgeconfigapiport 8.0.0
	   |-- milk 1.2.60
	   |    \-- dripstone_fluid_lib 3.0.2
	   |-- ponder 1.0.91
	   |    |-- com_google_code_findbugs_jsr305 3.0.2
	   |    |-- forgeconfigapiport 8.0.0
	   |    \-- javax_annotation_javax_annotation-api 1.3.2
	   |-- porting_lib_accessors 2.3.13+1.20.1
	   |    \-- porting_lib_core 2.3.13+1.20.1
	   |-- porting_lib_base 2.3.13+1.20.1
	   |    |-- com_electronwill_night-config_core 3.6.6
	   |    |-- com_electronwill_night-config_toml 3.6.6
	   |    |-- porting_lib_attributes 2.3.13+1.20.1
	   |    |-- porting_lib_common 2.3.13+1.20.1
	   |    |-- porting_lib_config 2.3.13+1.20.1
	   |    |-- porting_lib_core 2.3.13+1.20.1
	   |    |-- porting_lib_fluids 2.3.13+1.20.1
	   |    |-- porting_lib_gui_utils 2.3.13+1.20.1
	   |    |-- porting_lib_lazy_registration 2.3.13+1.20.1
	   |    |-- porting_lib_mixin_extensions 2.3.13+1.20.1
	   |    |-- porting_lib_utility 2.3.13+1.20.1
	   |    \-- reach-entity-attributes 2.4.0
	   |-- porting_lib_brewing 2.3.13+1.20.1
	   |    \-- porting_lib_core 2.3.13+1.20.1
	   |-- porting_lib_client_events 2.3.13+1.20.1
	   |    \-- porting_lib_core 2.3.13+1.20.1
	   |-- porting_lib_entity 2.3.13+1.20.1
	   |    |-- porting_lib_core 2.3.13+1.20.1
	   |    \-- porting_lib_mixin_extensions 2.3.13+1.20.1
	   |-- porting_lib_extensions 2.3.13+1.20.1
	   |    |-- porting_lib_attributes 2.3.13+1.20.1
	   |    |-- porting_lib_common 2.3.13+1.20.1
	   |    |-- porting_lib_core 2.3.13+1.20.1
	   |    \-- reach-entity-attributes 2.4.0
	   |-- porting_lib_model_generators 2.3.13+1.20.1
	   |    |-- porting_lib_core 2.3.13+1.20.1
	   |    |-- porting_lib_data 2.3.13+1.20.1
	   |    |-- porting_lib_model_materials 2.3.13+1.20.1
	   |    \-- porting_lib_utility 2.3.13+1.20.1
	   |-- porting_lib_models 2.3.13+1.20.1
	   |    |-- porting_lib_core 2.3.13+1.20.1
	   |    |-- porting_lib_fluids 2.3.13+1.20.1
	   |    \-- porting_lib_model_loader 2.3.13+1.20.1
	   |-- porting_lib_networking 2.3.13+1.20.1
	   |    \-- porting_lib_core 2.3.13+1.20.1
	   |-- porting_lib_obj_loader 2.3.13+1.20.1
	   |    |-- porting_lib_core 2.3.13+1.20.1
	   |    \-- porting_lib_model_loader 2.3.13+1.20.1
	   |-- porting_lib_tool_actions 2.3.13+1.20.1
	   |    \-- porting_lib_core 2.3.13+1.20.1
	   |-- porting_lib_transfer 2.3.13+1.20.1
	   |    |-- porting_lib_core 2.3.13+1.20.1
	   |    \-- porting_lib_fluids 2.3.13+1.20.1
	   |-- reach-entity-attributes 2.4.0
	   \-- registrate-fabric 1.3.79-MC1.20.1
	        |-- com_google_code_findbugs_jsr305 3.0.2
	        \-- porting_lib_tags 3.0
	             \-- porting_lib_gametest 2.1.1090+1.20
	- fabric-api 0.92.12+1.20.1
	   |-- fabric-api-base 0.4.32+1802ada577
	   |-- fabric-api-lookup-api-v1 1.6.37+1802ada577
	   |-- fabric-biome-api-v1 13.0.15+93aa238b77
	   |-- fabric-block-api-v1 1.0.12+1802ada577
	   |-- fabric-block-view-api-v2 1.0.3+924f046a77
	   |-- fabric-command-api-v1 1.2.35+f71b366f77
	   |-- fabric-command-api-v2 2.2.14+1802ada577
	   |-- fabric-commands-v0 0.2.52+df3654b377
	   |-- fabric-containers-v0 0.1.68+df3654b377
	   |-- fabric-content-registries-v0 4.0.13+1802ada577
	   |-- fabric-convention-tags-v1 1.5.6+1802ada577
	   |-- fabric-crash-report-info-v1 0.2.20+1802ada577
	   |-- fabric-data-attachment-api-v1 1.0.2+de0fd6d177
	   |-- fabric-data-generation-api-v1 12.4.0+238242b777
	   |-- fabric-dimensions-v1 2.1.55+1802ada577
	   |-- fabric-entity-events-v1 1.6.1+1c78457f77
	   |-- fabric-events-interaction-v0 0.6.6+13a40c6677
	   |-- fabric-events-lifecycle-v0 0.2.64+df3654b377
	   |-- fabric-game-rule-api-v1 1.0.41+1802ada577
	   |-- fabric-item-api-v1 2.1.29+1802ada577
	   |-- fabric-item-group-api-v1 4.0.14+1802ada577
	   |-- fabric-lifecycle-events-v1 2.2.23+1802ada577
	   |-- fabric-loot-api-v2 1.2.3+1802ada577
	   |-- fabric-loot-tables-v1 1.1.47+9e7660c677
	   |-- fabric-message-api-v1 5.1.10+1802ada577
	   |-- fabric-mining-level-api-v1 2.1.52+1802ada577
	   |-- fabric-networking-api-v1 1.3.15+0caff8d077
	   |-- fabric-networking-v0 0.3.55+df3654b377
	   |-- fabric-object-builder-api-v1 11.1.5+e35120df77
	   |-- fabric-particles-v1 1.1.3+1802ada577
	   |-- fabric-recipe-api-v1 1.0.25+1802ada577
	   |-- fabric-registry-sync-v0 2.4.1+4c0a70e677
	   |-- fabric-rendering-data-attachment-v1 0.3.39+92a0d36777
	   |-- fabric-rendering-fluids-v1 3.0.29+1802ada577
	   |-- fabric-resource-conditions-api-v1 2.3.9+1802ada577
	   |-- fabric-resource-loader-v0 0.11.12+fb82e9d777
	   |-- fabric-screen-handler-api-v1 1.3.34+1802ada577
	   |-- fabric-tag-api-v1 1.3.0+238242b777
	   |-- fabric-transfer-api-v1 3.3.6+8dd72ea377
	   \-- fabric-transitive-access-wideners-v1 4.3.2+1802ada577
	- fabric-permissions-api-v0 0.3.1
	- fabricloader 0.19.5
	   \-- mixinextras 0.5.5
	- java 25
	- luckperms 5.4.102
	- minecraft 1.20.1
	- worldedit 7.2.15+6463-5ca4dff
[13:39:19] [main/INFO]: SpongePowered MIXIN Subsystem Version=0.8.7 Source=file:/home/ashutosh/minecraft/studymaterial/Minecraft%20server/libraries/net/fabricmc/sponge-mixin/0.17.4+mixin.0.8.7/sponge-mixin-0.17.4+mixin.0.8.7.jar Service=Knot/Fabric Env=SERVER
[13:39:19] [main/WARN]: Error loading class: net/minecraft/class_881 (java.lang.ClassNotFoundException: net/minecraft/class_881)
[13:39:19] [main/WARN]: @Mixin target net.minecraft.class_881 was not found porting_lib_base.mixins.json:client.BoatRendererMixin from mod porting_lib_base
[13:39:19] [main/WARN]: Error loading class: net/minecraft/class_525 (java.lang.ClassNotFoundException: net/minecraft/class_525)
[13:39:19] [main/WARN]: @Mixin target net.minecraft.class_525 was not found porting_lib_base.mixins.json:client.CreateWorldScreenMixin from mod porting_lib_base
[13:39:19] [main/WARN]: Error loading class: net/minecraft/class_906 (java.lang.ClassNotFoundException: net/minecraft/class_906)
[13:39:19] [main/WARN]: @Mixin target net.minecraft.class_906 was not found porting_lib_tool_actions.mixins.json:FishingHookRendererMixin from mod porting_lib_tool_actions
[13:39:20] [main/WARN]: Error loading class: dev/ftb/mods/ftbchunks/client/gui/LargeMapScreen (java.lang.ClassNotFoundException: dev/ftb/mods/ftbchunks/client/gui/LargeMapScreen)
[13:39:20] [main/WARN]: @Mixin target dev.ftb.mods.ftbchunks.client.gui.LargeMapScreen was not found create.mixins.json:compat.ftbchunks.LargeMapScreenAccessor from mod create
[13:39:20] [main/WARN]: Error loading class: dev/ftb/mods/ftbchunks/client/gui/RegionMapPanel (java.lang.ClassNotFoundException: dev/ftb/mods/ftbchunks/client/gui/RegionMapPanel)
[13:39:20] [main/WARN]: @Mixin target dev.ftb.mods.ftbchunks.client.gui.RegionMapPanel was not found create.mixins.json:compat.ftbchunks.RegionMapPanelAccessor from mod create
[13:39:20] [main/INFO]: Initializing MixinExtras via com.llamalad7.mixinextras.service.MixinExtrasServiceImpl(version=0.5.5).
[13:39:24] [main/INFO]: Create 6.0.8.1 initializing!
[13:39:26] [main/INFO]: Got request to register class com.sk89q.worldedit.fabric.FabricPlatform with WorldEdit [com.sk89q.worldedit.extension.platform.PlatformManager@71379e2e]
[13:39:26] [main/INFO]: WorldEdit for Fabric (version 7.2.15+6463-5ca4dff) is loaded
[13:39:28] [main/INFO]: Environment: authHost='https://authserver.mojang.com', accountsHost='https://api.mojang.com', sessionHost='https://sessionserver.mojang.com', servicesHost='https://api.minecraftservices.com', name='PROD'
[13:39:28] [main/INFO]: Created 157 recipes which will be injected into the game
[13:39:28] [main/INFO]: Created 0 tags which will be injected into the game
[13:39:29] [main/INFO]: Registering commands with com.sk89q.worldedit.fabric.FabricPlatform
[13:39:29] [main/INFO]: Loaded 22 recipes
[13:39:29] [main/INFO]: Loaded 2421 advancements
[13:39:30] [main/INFO]: Applied 111 biome modifications to 58 of 64 new biomes in 9.365 ms
[13:39:30] [Server thread/INFO]:         __    
[13:39:30] [Server thread/INFO]:   |    |__)   LuckPerms v5.4.102
[13:39:30] [Server thread/INFO]:   |___ |      Running on Fabric - fabric@0.92.12+1.20.1
[13:39:30] [Server thread/INFO]: 
[13:39:30] [Server thread/INFO]: Loading configuration...
[13:39:31] [Server thread/INFO]: Loading storage provider... [H2]
[13:39:31] [Server thread/INFO]: Loading internal permission managers...
[13:39:31] [Server thread/INFO]: Performing initial data load...
[13:39:31] [Server thread/INFO]: Successfully enabled. (took 690ms)
[13:39:31] [Server thread/INFO]: Starting minecraft server version 1.20.1
[13:39:31] [Server thread/INFO]: Loading properties
[13:39:31] [Server thread/INFO]: Default game type: SURVIVAL
[13:39:31] [Server thread/INFO]: Generating keypair
[13:39:31] [Server thread/INFO]: Starting Minecraft server on *:25565
[13:39:31] [Server thread/INFO]: Using epoll channel type
[13:39:31] [Server thread/WARN]: **** SERVER IS RUNNING IN OFFLINE/INSECURE MODE!
[13:39:31] [Server thread/WARN]: The server will make no attempt to authenticate usernames. Beware.
[13:39:31] [Server thread/WARN]: While this makes the game possible to play without internet access, it also opens up the ability for hackers to connect with any username they choose.
[13:39:31] [Server thread/WARN]: To change this, set "online-mode" to "true" in the server.properties file.
[13:39:31] [Server thread/INFO]: Preparing level "world"
[13:39:32] [Server thread/INFO]: Preparing start region for dimension minecraft:overworld
[13:39:33] [Worker-Main-3/INFO]: Preparing spawn area: 0%
[13:39:33] [Worker-Main-9/INFO]: Preparing spawn area: 0%
[13:39:33] [Worker-Main-12/INFO]: Preparing spawn area: 0%
[13:39:34] [Worker-Main-9/INFO]: Preparing spawn area: 0%
[13:39:34] [Worker-Main-6/INFO]: Preparing spawn area: 99%
[13:39:34] [Server thread/INFO]: Time elapsed: 2002 ms
[13:39:34] [Server thread/INFO]: Done (3.013s)! For help, type "help"
[13:40:25] [Server thread/INFO]: Maerusen[/127.151.231.129:58635] logged in with entity id 148 at (-740.5, 72.0, -163.5)
[13:40:25] [Server thread/INFO]: Maerusen joined the game
[13:40:55] [luckperms-command-executor/INFO]: [LP] Preparing a new editor session, please wait...
[13:40:55] [luckperms-command-executor/INFO]: [LP] Click the link below to open the editor:
[13:40:55] [luckperms-command-executor/INFO]: https://luckperms.net/editor/xVppF3vhej
[13:41:07] [luckperms-worker-2/INFO]: [LP] An editor window has connected, but it is not yet trusted.
[13:41:07] [luckperms-worker-2/INFO]: [LP] (session id = d7ae-62e0, browser = Firefox on Linux)
[13:41:07] [luckperms-worker-2/INFO]: [LP] If it was you, run /lp trusteditor d7ae-62e0 to trust the session!
[13:41:23] [luckperms-command-executor/INFO]: [LP] The editor session has been marked as trusted.
[13:41:23] [luckperms-command-executor/INFO]: [LP] In the future, connections from the same browser will be trusted automatically.
[13:41:23] [luckperms-command-executor/INFO]: [LP] The plugin will now attempt to establish a connection with the editor...
[13:41:23] [luckperms-worker-2/INFO]: [LP] Editor window connected successfully.
[13:45:22] [luckperms-worker-8/INFO]: [LP] Changes have been received from the connected web editor session.
[13:45:22] [luckperms-worker-8/INFO]: [LP] Web editor data was applied to group default successfully.
[13:45:22] [luckperms-worker-8/INFO]: [LP] (5 additions and 0 deletions)
[13:45:22] [luckperms-worker-8/INFO]: +  worldedit (true)
[13:45:22] [luckperms-worker-8/INFO]: +  minecraft.command.gamemode.creative (true)
[13:45:22] [luckperms-worker-8/INFO]: +  minecraft.command.gamemode.survival (true)
[13:45:22] [luckperms-worker-8/INFO]: +  minecraft.command.gamemode.adventure (true)
[13:45:22] [luckperms-worker-8/INFO]: +  worldedit.* (true)
[13:45:35] [Server thread/INFO]: Maerusen lost connection: Disconnected
[13:45:35] [Server thread/INFO]: Maerusen left the game
